//0.-Preparativos para comenzar con LFS

usuario@ubuntu18:~$ su
Contraseña: 
root@ubuntu18:/home/usuario# echo $LFS

root@ubuntu18:/home/usuario# export LFS=/mnt/lfs
root@ubuntu18:/home/usuario# export LFS=/mnt/lfs
root@ubuntu18:/home/usuario# echo $LFS
/mnt/lfs
root@ubuntu18:/home/usuario# mkdir -pv $LFS/{bin,etc,lib,sbin,usr,var}
mkdir: se ha creado el directorio '/mnt/lfs/bin'
mkdir: se ha creado el directorio '/mnt/lfs/etc'
mkdir: se ha creado el directorio '/mnt/lfs/lib'
mkdir: se ha creado el directorio '/mnt/lfs/sbin'
mkdir: se ha creado el directorio '/mnt/lfs/usr'
mkdir: se ha creado el directorio '/mnt/lfs/var'
root@ubuntu18:/home/usuario# mkdir -pv $LFS/{bin,etc,lib,sbin,usr,var}
root@ubuntu18:/home/usuario# case $(uname -m) in
> x86_64) mkdir -pv $LFS/lib64 ;;
> esac
mkdir: se ha creado el directorio '/mnt/lfs/lib64'
root@ubuntu18:/home/usuario# mkdir -v $LFS/tools
mkdir: se ha creado el directorio '/mnt/lfs/tools'
root@ubuntu18:/home/usuario# groupadd lfs
root@ubuntu18:/home/usuario# useradd -s /bin/bash -g lfs -m -k /dev/null lfs
root@ubuntu18:/home/usuario# passwd lfs
Introduzca la nueva contraseña de UNIX: 
Vuelva a escribir la nueva contraseña de UNIX: 
passwd: contraseña actualizada correctamente
root@ubuntu18:/home/usuario# chown -v lfs 
chown: falta un operando después de «lfs»
Pruebe 'chown --help' para más información.
root@ubuntu18:/home/usuario# $LFS/{usr,lib,var,etc,bin,sbin,tools}
bash: /mnt/lfs/usr: Es un directorio
root@ubuntu18:/home/usuario# case $(uname -m) in
>  x86_64) chown -v lfs $LFS/lib64 ;;
> esac
cambiado el propietario de '/mnt/lfs/lib64' de root a lfs
root@ubuntu18:/home/usuario# chown -v lfs $LFS/sources
cambiado el propietario de '/mnt/lfs/sources' de root a lfs
root@ubuntu18:/home/usuario# su - lfs

//0.1.Preparamos todo para compilar todos los paquetes

lfs@ubuntu18:~$ cat > ~/.bash_profile << "EOF"
> exec env -i HOME=$HOME TERM=$TERM PS1='\u:\w$ ' /bin/bash
> EOF
lfs@ubuntu18:~$ cat > ~/.bashrc << "EOF"
> set +h
> umask 022
> LFS=/mnt/lfs
> LC_ALL=POSIX
> LFS_TGT=$(uname -m)-lfs-linux-gnu
> PATH=/usr/bin
> if [ ! -L /bin ]; then PATH=/bin:$PATH; fi
> PATH=$LFS/tools/bin:$PATH
> CONFIG_SITE=$LFS/usr/share/config.site
> export LFS LC_ALL LFS_TGT PATH CONFIG_SITE
> EOF
lfs@ubuntu18:~$ source ~/.bash_profile
lfs@ubuntu18:~$ echo $LFS
/mnt/lfs
lfs@ubuntu18:~$ echo $LC_ALL
POSIX
lfs@ubuntu18:~$ echo $LFS_TGT
x86_64-lfs-linux-gnu
lfs@ubuntu18:~$ echo $PATH
/mnt/lfs/tools/bin:/bin:/usr/bin

//1.-Compilación cruzada de herramientas temporales.

lfs@ubuntu18:~$ echo $LFS
/mnt/lfs
lfs@ubuntu18:~$ echo $LC_ALL
POSIX
lfs@ubuntu18:~$ echo $LFS_TGT
x86_64-lfs-linux-gnu
lfs@ubuntu18:~$ echo $PATH
/mnt/lfs/tools/bin:/bin:/usr/bin
lfs@ubuntu18:~$ cd $LFS/sources

//1.1.Descomprimir paquetes previamente creados

lfs@ubuntu18:/mnt/lfs/sources$ tar -xf binutils-2.36.1.tar.xz
lfs@ubuntu18:/mnt/lfs/sources$ cd binutils-2.36.1
lfs@ubuntu18:/mnt/lfs/sources/binutils-2.36.1$ mkdir -v build 
mkdir: created directory 'build'
lfs@ubuntu18:/mnt/lfs/sources/binutils-2.36.1$ cd build

//1.1.1.Preparación para compilar

[Compilation1.2](https://github.com/xoanxc/RafarixOS/blob/main/source/compilations/compilation-1.2.)

//1.1.2.Instalación de paquetes

lfs@ubuntu18:/mnt/lfs/sources/binutils-2.36.1/build$ make install
make[1]: Entering directory '/mnt/lfs/sources/binutils-2.36.1/build'
/bin/sh ../mkinstalldirs /mnt/lfs/tools /mnt/lfs/tools
make[2]: Entering directory '/mnt/lfs/sources/binutils-2.36.1/build/bfd'
make  install-recursive
make[3]: Entering directory '/mnt/lfs/sources/binutils-2.36.1/build/bfd'
Making install in doc
make[4]: Entering directory '/mnt/lfs/sources/binutils-2.36.1/build/bfd/doc'
 /bin/mkdir -p '/mnt/lfs/tools/share/info'
/bin/mkdir: cannot create directory '/mnt/lfs/tools/share': Permission denied
Makefile:824: recipe for target 'install-info-am' failed
make[4]: *** [install-info-am] Error 1
make[4]: Leaving directory '/mnt/lfs/sources/binutils-2.36.1/build/bfd/doc'
Makefile:1643: recipe for target 'install-recursive' failed
make[3]: *** [install-recursive] Error 1
make[3]: Leaving directory '/mnt/lfs/sources/binutils-2.36.1/build/bfd'
Makefile:1751: recipe for target 'install' failed
make[2]: *** [install] Error 2
make[2]: Leaving directory '/mnt/lfs/sources/binutils-2.36.1/build/bfd'
Makefile:2833: recipe for target 'install-bfd' failed
make[1]: *** [install-bfd] Error 2
make[1]: Leaving directory '/mnt/lfs/sources/binutils-2.36.1/build'
Makefile:2288: recipe for target 'install' failed
make: *** [install] Error 2
lfs@ubuntu18:/mnt/lfs/sources/binutils-2.36.1/build$ make install
make[1]: Entering directory '/mnt/lfs/sources/binutils-2.36.1/build'
/bin/sh ../mkinstalldirs /mnt/lfs/tools /mnt/lfs/tools
make[2]: Entering directory '/mnt/lfs/sources/binutils-2.36.1/build/bfd'
make  install-recursive
make[3]: Entering directory '/mnt/lfs/sources/binutils-2.36.1/build/bfd'
Making install in doc
make[4]: Entering directory '/mnt/lfs/sources/binutils-2.36.1/build/bfd/doc'
 /bin/mkdir -p '/mnt/lfs/tools/share/info'
/bin/mkdir: cannot create directory '/mnt/lfs/tools/share': Permission denied
Makefile:824: recipe for target 'install-info-am' failed
make[4]: *** [install-info-am] Error 1
make[4]: Leaving directory '/mnt/lfs/sources/binutils-2.36.1/build/bfd/doc'
Makefile:1643: recipe for target 'install-recursive' failed
make[3]: *** [install-recursive] Error 1
make[3]: Leaving directory '/mnt/lfs/sources/binutils-2.36.1/build/bfd'
Makefile:1751: recipe for target 'install' failed
make[2]: *** [install] Error 2
make[2]: Leaving directory '/mnt/lfs/sources/binutils-2.36.1/build/bfd'
Makefile:2833: recipe for target 'install-bfd' failed
make[1]: *** [install-bfd] Error 2
make[1]: Leaving directory '/mnt/lfs/sources/binutils-2.36.1/build'
Makefile:2288: recipe for target 'install' failed
make: *** [install] Error 2

//1.3.1.Eliminar Carpeta binultis

lfs@ubuntu18:/home/usuario$ cd ../..
lfs@ubuntu18:/$ pwd
/
lfs@ubuntu18:/$ cd mnt
lfs@ubuntu18:/mnt$ cd lfs
lfs@ubuntu18:/mnt/lfs$ cd sources
lfs@ubuntu18:/mnt/lfs/sources$ rm -rf binutils-2.36.1

//1.2.-GCC paso 1

lfs@ubuntu18:/mnt/lfs/sources$ tar -xf gcc-10.2.0.tar.xz
lfs@ubuntu18:/mnt/lfs/sources$ cd gcc-10.2.0
lfs@ubuntu18:/mnt/lfs/sources/gcc-10.2.0$ tar -xf ../mpfr-4.1.0.tar.xz
lfs@ubuntu18:/mnt/lfs/sources/gcc-10.2.0$ mv -v mpfr-4.1.0 mpfr
renamed 'mpfr-4.1.0' -> 'mpfr'
lfs@ubuntu18:/mnt/lfs/sources/gcc-10.2.0$ tar -xf ../gmp-6.2.1.tar.xz
lfs@ubuntu18:/mnt/lfs/sources/gcc-10.2.0$ mv -v gmp-6.2.1 gmp
renamed 'gmp-6.2.1' -> 'gmp'
lfs@ubuntu18:/mnt/lfs/sources/gcc-10.2.0$ tar -xf ../mpc-1.2.1.tar.gz
lfs@ubuntu18:/mnt/lfs/sources/gcc-10.2.0$ mv -v mpc-1.2.1 mpc
renamed 'mpc-1.2.1' -> 'mpc'
lfs@ubuntu18:/mnt/lfs/sources/gcc-10.2.0$ case $(uname -m) in
>  x86_64)
> sed -e '/m64=/s/lib64/lib/' \
> -i.orig gcc/config/i386/t-linux64
> ;;
> esac
lfs@ubuntu18:/mnt/lfs/sources/gcc-10.2.0$ mkdir -v build
mkdir: created directory 'build'
lfs@ubuntu18:/mnt/lfs/sources/gcc-10.2.0$ cd build

//1.2.1.Compilación

[Compilation1.2](https://github.com/xoanxc/RafarixOS/blob/main/source/compilations/compilation-1.2.1)


