//0.-Preparativos para comenzar con LFS

usuario@ubuntu18:~$ su
Contraseña: 
root@ubuntu18:/home/usuario# echo $LFS

root@ubuntu18:/home/usuario# export LFS=/mnt/lfs
root@ubuntu18:/home/usuario# export LFS=/mnt/lfs
root@ubuntu18:/home/usuario# echo $LFS
/mnt/lfs
root@ubuntu18:/home/usuario# mkdir -pv $LFS/{bin,etc,lib,sbin,usr,var}
mkdir: se ha creado el directorio '/mnt/lfs/bin'
mkdir: se ha creado el directorio '/mnt/lfs/etc'
mkdir: se ha creado el directorio '/mnt/lfs/lib'
mkdir: se ha creado el directorio '/mnt/lfs/sbin'
mkdir: se ha creado el directorio '/mnt/lfs/usr'
mkdir: se ha creado el directorio '/mnt/lfs/var'
root@ubuntu18:/home/usuario# mkdir -pv $LFS/{bin,etc,lib,sbin,usr,var}
root@ubuntu18:/home/usuario# case $(uname -m) in
> x86_64) mkdir -pv $LFS/lib64 ;;
> esac
mkdir: se ha creado el directorio '/mnt/lfs/lib64'
root@ubuntu18:/home/usuario# mkdir -v $LFS/tools
mkdir: se ha creado el directorio '/mnt/lfs/tools'
root@ubuntu18:/home/usuario# groupadd lfs
root@ubuntu18:/home/usuario# useradd -s /bin/bash -g lfs -m -k /dev/null lfs
root@ubuntu18:/home/usuario# passwd lfs
Introduzca la nueva contraseña de UNIX: 
Vuelva a escribir la nueva contraseña de UNIX: 
passwd: contraseña actualizada correctamente
root@ubuntu18:/home/usuario# chown -v lfs 
chown: falta un operando después de «lfs»
Pruebe 'chown --help' para más información.
root@ubuntu18:/home/usuario# $LFS/{usr,lib,var,etc,bin,sbin,tools}
bash: /mnt/lfs/usr: Es un directorio
root@ubuntu18:/home/usuario# case $(uname -m) in
>  x86_64) chown -v lfs $LFS/lib64 ;;
> esac
cambiado el propietario de '/mnt/lfs/lib64' de root a lfs
root@ubuntu18:/home/usuario# chown -v lfs $LFS/sources
cambiado el propietario de '/mnt/lfs/sources' de root a lfs
root@ubuntu18:/home/usuario# su - lfs

//0.1.Preparamos todo para compilar todos los paquetes

lfs@ubuntu18:~$ cat > ~/.bash_profile << "EOF"
> exec env -i HOME=$HOME TERM=$TERM PS1='\u:\w$ ' /bin/bash
> EOF
lfs@ubuntu18:~$ cat > ~/.bashrc << "EOF"
> set +h
> umask 022
> LFS=/mnt/lfs
> LC_ALL=POSIX
> LFS_TGT=$(uname -m)-lfs-linux-gnu
> PATH=/usr/bin
> if [ ! -L /bin ]; then PATH=/bin:$PATH; fi
> PATH=$LFS/tools/bin:$PATH
> CONFIG_SITE=$LFS/usr/share/config.site
> export LFS LC_ALL LFS_TGT PATH CONFIG_SITE
> EOF
lfs@ubuntu18:~$ source ~/.bash_profile
lfs@ubuntu18:~$ echo $LFS
/mnt/lfs
lfs@ubuntu18:~$ echo $LC_ALL
POSIX
lfs@ubuntu18:~$ echo $LFS_TGT
x86_64-lfs-linux-gnu
lfs@ubuntu18:~$ echo $PATH
/mnt/lfs/tools/bin:/bin:/usr/bin

//1.-Compilación cruzada de herramientas temporales.

lfs@ubuntu18:~$ echo $LFS
/mnt/lfs
lfs@ubuntu18:~$ echo $LC_ALL
POSIX
lfs@ubuntu18:~$ echo $LFS_TGT
x86_64-lfs-linux-gnu
lfs@ubuntu18:~$ echo $PATH
/mnt/lfs/tools/bin:/bin:/usr/bin
lfs@ubuntu18:~$ cd $LFS/sources

//1.1.Descomprimir paquetes previamente creados

lfs@ubuntu18:/mnt/lfs/sources$ tar -xf binutils-2.36.1.tar.xz
lfs@ubuntu18:/mnt/lfs/sources$ cd binutils-2.36.1
lfs@ubuntu18:/mnt/lfs/sources/binutils-2.36.1$ mkdir -v build 
mkdir: created directory 'build'
lfs@ubuntu18:/mnt/lfs/sources/binutils-2.36.1$ cd build

//1.1.1.Preparación para compilar

[Compilation1.2](https://github.com/xoanxc/RafarixOS/blob/main/source/compilations/compilation-1.2.)

//1.1.2.Instalación de paquetes

lfs@ubuntu18:/mnt/lfs/sources/binutils-2.36.1/build$ make install
make[1]: Entering directory '/mnt/lfs/sources/binutils-2.36.1/build'
/bin/sh ../mkinstalldirs /mnt/lfs/tools /mnt/lfs/tools
make[2]: Entering directory '/mnt/lfs/sources/binutils-2.36.1/build/bfd'
make  install-recursive
make[3]: Entering directory '/mnt/lfs/sources/binutils-2.36.1/build/bfd'
Making install in doc
make[4]: Entering directory '/mnt/lfs/sources/binutils-2.36.1/build/bfd/doc'
 /bin/mkdir -p '/mnt/lfs/tools/share/info'
/bin/mkdir: cannot create directory '/mnt/lfs/tools/share': Permission denied
Makefile:824: recipe for target 'install-info-am' failed
make[4]: *** [install-info-am] Error 1
make[4]: Leaving directory '/mnt/lfs/sources/binutils-2.36.1/build/bfd/doc'
Makefile:1643: recipe for target 'install-recursive' failed
make[3]: *** [install-recursive] Error 1
make[3]: Leaving directory '/mnt/lfs/sources/binutils-2.36.1/build/bfd'
Makefile:1751: recipe for target 'install' failed
make[2]: *** [install] Error 2
make[2]: Leaving directory '/mnt/lfs/sources/binutils-2.36.1/build/bfd'
Makefile:2833: recipe for target 'install-bfd' failed
make[1]: *** [install-bfd] Error 2
make[1]: Leaving directory '/mnt/lfs/sources/binutils-2.36.1/build'
Makefile:2288: recipe for target 'install' failed
make: *** [install] Error 2
lfs@ubuntu18:/mnt/lfs/sources/binutils-2.36.1/build$ make install
make[1]: Entering directory '/mnt/lfs/sources/binutils-2.36.1/build'
/bin/sh ../mkinstalldirs /mnt/lfs/tools /mnt/lfs/tools
make[2]: Entering directory '/mnt/lfs/sources/binutils-2.36.1/build/bfd'
make  install-recursive
make[3]: Entering directory '/mnt/lfs/sources/binutils-2.36.1/build/bfd'
Making install in doc
make[4]: Entering directory '/mnt/lfs/sources/binutils-2.36.1/build/bfd/doc'
 /bin/mkdir -p '/mnt/lfs/tools/share/info'
/bin/mkdir: cannot create directory '/mnt/lfs/tools/share': Permission denied
Makefile:824: recipe for target 'install-info-am' failed
make[4]: *** [install-info-am] Error 1
make[4]: Leaving directory '/mnt/lfs/sources/binutils-2.36.1/build/bfd/doc'
Makefile:1643: recipe for target 'install-recursive' failed
make[3]: *** [install-recursive] Error 1
make[3]: Leaving directory '/mnt/lfs/sources/binutils-2.36.1/build/bfd'
Makefile:1751: recipe for target 'install' failed
make[2]: *** [install] Error 2
make[2]: Leaving directory '/mnt/lfs/sources/binutils-2.36.1/build/bfd'
Makefile:2833: recipe for target 'install-bfd' failed
make[1]: *** [install-bfd] Error 2
make[1]: Leaving directory '/mnt/lfs/sources/binutils-2.36.1/build'
Makefile:2288: recipe for target 'install' failed
make: *** [install] Error 2

//1.3.1.Eliminar Carpeta binultis

lfs@ubuntu18:/home/usuario$ cd ../..
lfs@ubuntu18:/$ pwd
/
lfs@ubuntu18:/$ cd mnt
lfs@ubuntu18:/mnt$ cd lfs
lfs@ubuntu18:/mnt/lfs$ cd sources
lfs@ubuntu18:/mnt/lfs/sources$ rm -rf binutils-2.36.1

//1.2.-GCC paso 1

lfs@ubuntu18:/mnt/lfs/sources$ tar -xf gcc-10.2.0.tar.xz
lfs@ubuntu18:/mnt/lfs/sources$ cd gcc-10.2.0
lfs@ubuntu18:/mnt/lfs/sources/gcc-10.2.0$ tar -xf ../mpfr-4.1.0.tar.xz
lfs@ubuntu18:/mnt/lfs/sources/gcc-10.2.0$ mv -v mpfr-4.1.0 mpfr
renamed 'mpfr-4.1.0' -> 'mpfr'
lfs@ubuntu18:/mnt/lfs/sources/gcc-10.2.0$ tar -xf ../gmp-6.2.1.tar.xz
lfs@ubuntu18:/mnt/lfs/sources/gcc-10.2.0$ mv -v gmp-6.2.1 gmp
renamed 'gmp-6.2.1' -> 'gmp'
lfs@ubuntu18:/mnt/lfs/sources/gcc-10.2.0$ tar -xf ../mpc-1.2.1.tar.gz
lfs@ubuntu18:/mnt/lfs/sources/gcc-10.2.0$ mv -v mpc-1.2.1 mpc
renamed 'mpc-1.2.1' -> 'mpc'
lfs@ubuntu18:/mnt/lfs/sources/gcc-10.2.0$ case $(uname -m) in
>  x86_64)
> sed -e '/m64=/s/lib64/lib/' \
> -i.orig gcc/config/i386/t-linux64
> ;;
> esac
lfs@ubuntu18:/mnt/lfs/sources/gcc-10.2.0$ mkdir -v build
mkdir: created directory 'build'
lfs@ubuntu18:/mnt/lfs/sources/gcc-10.2.0$ cd build

//1.2.1.GCC Compilación

lfs@ubuntu18:/mnt/lfs/sources/gcc-10.2.0/build$ ../configure \
>  --target=$LFS_TGT \
>  --prefix=$LFS/tools \
>  --with-glibc-version=2.11 \
>  --with-sysroot=$LFS \
>  --with-newlib \
>  --without-headers \
>  --enable-initfini-array \
>  --disable-nls \
>  --disable-shared \
>  --disable-multilib \
>  --disable-decimal-float \
>  --disable-threads \
>  --disable-libatomic \
>  --disable-libgomp \
>  --disable-libquadmath \
>  --disable-libssp \
>  --disable-libvtv \
>  --disable-libstdcxx \
>  --enable-languages=c,c++
checking build system type... x86_64-pc-linux-gnu
checking host system type... x86_64-pc-linux-gnu
checking target system type... x86_64-lfs-linux-gnu
checking for a BSD-compatible install... /usr/bin/install -c
checking whether ln works... yes
checking whether ln -s works... yes
checking for a sed that does not truncate output... /bin/sed
checking for gawk... gawk
checking for libitm support... yes
checking for libsanitizer support... yes
checking for libhsail-rt support... yes
checking for libphobos support... yes
checking for gcc... gcc
checking whether the C compiler works... yes
checking for C compiler default output file name... a.out
checking for suffix of executables... 
checking whether we are cross compiling... no
checking for suffix of object files... o
checking whether we are using the GNU C compiler... yes
checking whether gcc accepts -g... yes
checking for gcc option to accept ISO C89... none needed
checking for g++... g++
checking whether we are using the GNU C++ compiler... yes
checking whether g++ accepts -g... yes
checking whether g++ accepts -static-libstdc++ -static-libgcc... yes
checking for gnatbind... no
checking for gnatmake... no
checking whether compiler driver understands Ada... no
checking how to compare bootstrapped objects... cmp --ignore-initial=16 $$f1 $$f2
checking for objdir... .libs
checking for isl 0.15 or later... no
required isl version is 0.15 or later
*** This configuration is not supported in the following subdirectories:
     target-libquadmath target-libstdc++-v3 gnattools gotools target-libada target-libhsail-rt target-libphobos target-zlib target-libbacktrace target-libgfortran target-libgo target-libffi target-libobjc target-libgomp target-liboffloadmic target-libatomic target-libvtv target-libssp target-libitm target-libsanitizer
    (Any other directories should still work fine.)
checking for default BUILD_CONFIG... 
checking for --enable-vtable-verify... no
checking for bison... bison -y
checking for bison... bison
checking for gm4... no
checking for gnum4... no
checking for m4... m4
checking for flex... no
checking for lex... no
checking for flex... no
checking for makeinfo... makeinfo
checking for expect... no
checking for runtest... no
checking for ar... ar
checking for as... as
checking for dlltool... no
checking for ld... ld
checking for lipo... no
checking for nm... nm
checking for ranlib... ranlib
checking for strip... strip
checking for windres... no
checking for windmc... no
checking for objcopy... objcopy
checking for objdump... objdump
checking for otool... no
checking for readelf... readelf
checking for x86_64-lfs-linux-gnu-cc... no
checking for x86_64-lfs-linux-gnu-gcc... no
checking for x86_64-lfs-linux-gnu-c++... no
checking for x86_64-lfs-linux-gnu-g++... no
checking for x86_64-lfs-linux-gnu-cxx... no
checking for x86_64-lfs-linux-gnu-gxx... no
checking for x86_64-lfs-linux-gnu-gcc... no
checking for x86_64-lfs-linux-gnu-gfortran... no
checking for x86_64-lfs-linux-gnu-gccgo... no
checking for x86_64-lfs-linux-gnu-gdc... no
checking for ar... no
checking for x86_64-lfs-linux-gnu-ar... no
checking for as... no
checking for x86_64-lfs-linux-gnu-as... no
checking for dlltool... no
checking for x86_64-lfs-linux-gnu-dlltool... no
checking for ld... no
checking for x86_64-lfs-linux-gnu-ld... no
checking for lipo... no
checking for x86_64-lfs-linux-gnu-lipo... no
checking for nm... no
checking for x86_64-lfs-linux-gnu-nm... no
checking for objcopy... no
checking for x86_64-lfs-linux-gnu-objcopy... no
checking for objdump... no
checking for x86_64-lfs-linux-gnu-objdump... no
checking for otool... no
checking for x86_64-lfs-linux-gnu-otool... no
checking for ranlib... no
checking for x86_64-lfs-linux-gnu-ranlib... no
checking for readelf... no
checking for x86_64-lfs-linux-gnu-readelf... no
checking for strip... no
checking for x86_64-lfs-linux-gnu-strip... no
checking for windres... no
checking for x86_64-lfs-linux-gnu-windres... no
checking for windmc... no
checking for x86_64-lfs-linux-gnu-windmc... no
checking where to find the target ar... pre-installed
checking where to find the target as... pre-installed
checking where to find the target cc... just compiled
checking where to find the target c++... just compiled
checking where to find the target c++ for libstdc++... just compiled
checking where to find the target dlltool... pre-installed
checking where to find the target gcc... just compiled
checking where to find the target gfortran... pre-installed
checking where to find the target gccgo... pre-installed
checking where to find the target gdc... pre-installed
checking where to find the target ld... pre-installed
checking where to find the target lipo... pre-installed
checking where to find the target nm... pre-installed
checking where to find the target objcopy... pre-installed
checking where to find the target objdump... pre-installed
checking where to find the target otool... pre-installed
checking where to find the target ranlib... pre-installed
checking where to find the target readelf... pre-installed
checking where to find the target strip... pre-installed
checking where to find the target windres... pre-installed
checking where to find the target windmc... pre-installed
checking whether to enable maintainer-specific portions of Makefiles... no
configure: creating ./config.status
config.status: creating Makefile

//1.2.2.Compilación

[Compilation1.2](https://github.com/xoanxc/RafarixOS/blob/main/source/compilations/compilation-1.2.2)

//Instalación

lfs@ubuntu18:/mnt/lfs/sources/gcc-10.2.0/build$ make install
make[1]: Entering directory '/mnt/lfs/sources/gcc-10.2.0/build'
/bin/sh ../mkinstalldirs /mnt/lfs/tools /mnt/lfs/tools
make[2]: Entering directory '/mnt/lfs/sources/gcc-10.2.0/build/fixincludes'
rm -rf /mnt/lfs/tools/libexec/gcc/x86_64-lfs-linux-gnu/10.2.0/install-tools
/bin/sh ../../fixincludes/../mkinstalldirs /mnt/lfs/tools/libexec/gcc/x86_64-lfs-linux-gnu/10.2.0/install-tools
mkdir -p -- /mnt/lfs/tools/libexec/gcc/x86_64-lfs-linux-gnu/10.2.0/install-tools
mkdir: cannot create directory '/mnt/lfs/tools/libexec': Permission denied
Makefile:181: recipe for target 'install' failed
make[2]: *** [install] Error 1
make[2]: Leaving directory '/mnt/lfs/sources/gcc-10.2.0/build/fixincludes'
Makefile:3797: recipe for target 'install-fixincludes' failed
make[1]: *** [install-fixincludes] Error 2
make[1]: Leaving directory '/mnt/lfs/sources/gcc-10.2.0/build'
Makefile:2384: recipe for target 'install' failed
make: *** [install] Error 2

//Errores varios, utilizamos comando automatico por parte de Alebuntu (solucionados)

echo $LFS
echo $LC_ALL
echo $LFS_TGT
echo $PATH

cd $LFS/sources

tar -xf binutils-2.36.1.tar.xz
cd binutils-2.36.1
mkdir -v build 
cd build
../configure --prefix=$LFS/tools \
 --with-sysroot=$LFS \
 --target=$LFS_TGT \
 --disable-nls \
 --disable-werror
make
make install
cd ../..
rm -rf binutils-2.36.1


tar -xf gcc-10.2.0.tar.xz
cd gcc-10.2.0
tar -xf ../mpfr-4.1.0.tar.xz
mv -v mpfr-4.1.0 mpfr
tar -xf ../gmp-6.2.1.tar.xz
mv -v gmp-6.2.1 gmp
tar -xf ../mpc-1.2.1.tar.gz
mv -v mpc-1.2.1 mpc
case $(uname -m) in
 x86_64)
 sed -e '/m64=/s/lib64/lib/' \
 -i.orig gcc/config/i386/t-linux64
 ;;
esac
mkdir -v build 
cd build
../configure \
 --target=$LFS_TGT \
 --prefix=$LFS/tools \
 --with-glibc-version=2.11 \
 --with-sysroot=$LFS \
 --with-newlib \
 --without-headers \
 --enable-initfini-array \
 --disable-nls \
 --disable-shared \
 --disable-multilib \
 --disable-decimal-float \
 --disable-threads \
 --disable-libatomic \
 --disable-libgomp \
 --disable-libquadmath \
 --disable-libssp \
 --disable-libvtv \
 --disable-libstdcxx \
 --enable-languages=c,c++
make
make install
cd ..
cat gcc/limitx.h gcc/glimits.h gcc/limity.h > \
 `dirname $($LFS_TGT-gcc -print-libgcc-file-name)`/install-tools/include/limits.h
cd ..
rm -rf gcc-10.2.0

tar -xvf linux-5.10.17.tar.xz
cd linux-5.10.17 
make mrproper
make headers
find usr/include -name '.*' -delete
rm usr/include/Makefile
cp -rv usr/include $LFS/usr
cd ..
rm -rf linux-5.10.17

tar -xvf glibc-2.33.tar.xz
cd glibc-2.33
case $(uname -m) in
 i?86) ln -sfv ld-linux.so.2 $LFS/lib/ld-lsb.so.3
 ;;
 x86_64) ln -sfv ../lib/ld-linux-x86-64.so.2 $LFS/lib64
 ln -sfv ../lib/ld-linux-x86-64.so.2 $LFS/lib64/ld-lsb-x86-64.so.3
 ;;
esac
patch -Np1 -i ../glibc-2.33-fhs-1.patch 
mkdir -v build
cd build
../configure \
 --prefix=/usr \
 --host=$LFS_TGT \
 --build=$(../scripts/config.guess) \
 --enable-kernel=3.2 \
 --with-headers=$LFS/usr/include \
 libc_cv_slibdir=/lib
make
make DESTDIR=$LFS install
echo 'int main(){}' > dummy.c
$LFS_TGT-gcc dummy.c
readelf -l a.out | grep '/ld-linux'
rm -v dummy.c a.out
$LFS/tools/libexec/gcc/$LFS_TGT/10.2.0/install-tools/mkheaders
cd ../..
rm -rf glibc-2.33

tar -xvf gcc-10.2.0.tar.xz
cd gcc-10.2.0/
mkdir -v build
cd build
../libstdc++-v3/configure \
 --host=$LFS_TGT \
 --build=$(../config.guess) \
 --prefix=/usr \
 --disable-multilib \
 --disable-nls \
 --disable-libstdcxx-pch \
 --with-gxx-include-dir=/tools/$LFS_TGT/include/c++/10.2.0
make
make DESTDIR=$LFS install
cd ../..
rm -rf gcc-10.2.0


tar -xvf m4-1.4.18.tar.xz
cd m4-1.4.18
sed -i 's/IO_ftrylockfile/IO_EOF_SEEN/' lib/*.c
echo "#define _IO_IN_BACKUP 0x100" >> lib/stdio-impl.h
./configure --prefix=/usr \
 --host=$LFS_TGT \
 --build=$(build-aux/config.guess)
make
make DESTDIR=$LFS install
cd ..
rm -rf m4-1.4.18

tar -xvf ncurses-6.2.tar.gz
cd ncurses-6.2
sed -i s/mawk// configure
mkdir build
pushd build
 ../configure
 make -C include
 make -C progs tic
popd
./configure --prefix=/usr \
 --host=$LFS_TGT \
 --build=$(./config.guess) \
 --mandir=/usr/share/man \
 --with-manpage-format=normal \
 --with-shared \
 --without-debug \
 --without-ada \
 --without-normal \
 --enable-widec
make
make DESTDIR=$LFS TIC_PATH=$(pwd)/build/progs/tic install
echo "INPUT(-lncursesw)" > $LFS/usr/lib/libncurses.so
mv -v $LFS/usr/lib/libncursesw.so.6* $LFS/lib
ln -sfv ../../lib/$(readlink $LFS/usr/lib/libncursesw.so) $LFS/usr/lib/libncursesw.so
cd ..
rm -rf ncurses-6.2

tar -xvf bash-5.1.tar.gz
cd bash-5.1
./configure --prefix=/usr \
 --build=$(support/config.guess) \
 --host=$LFS_TGT \
 --without-bash-malloc
make
make DESTDIR=$LFS install
mv $LFS/usr/bin/bash $LFS/bin/bash 
ln -sv bash $LFS/bin/sh
cd ..
rm -rf bash-5.1


tar -xvf coreutils-8.32.tar.xz
cd coreutils-8.32
./configure --prefix=/usr \
 --host=$LFS_TGT \
 --build=$(build-aux/config.guess) \
 --enable-install-program=hostname \
 --enable-no-install-program=kill,uptime
make
make DESTDIR=$LFS install
mv -v $LFS/usr/bin/{cat,chgrp,chmod,chown,cp,date,dd,df,echo} $LFS/bin
mv -v $LFS/usr/bin/{false,ln,ls,mkdir,mknod,mv,pwd,rm} $LFS/bin
mv -v $LFS/usr/bin/{rmdir,stty,sync,true,uname} $LFS/bin
mv -v $LFS/usr/bin/{head,nice,sleep,touch} $LFS/bin
mv -v $LFS/usr/bin/chroot $LFS/usr/sbin
mkdir -pv $LFS/usr/share/man/man8
mv -v $LFS/usr/share/man/man1/chroot.1 $LFS/usr/share/man/man8/chroot.8
sed -i 's/"1"/"8"/'
cd ..
rm -rf coreutils-8.32

tar -xvf diffutils-3.7.tar.xz 
cd diffutils-3.7
./configure --prefix=/usr --host=$LFS_TGT 
make
make DESTDIR=$LFS install
cd ..
rm -rf diffutils-3.7

tar -xvf file-5.39.tar.gz
cd file-5.39
mkdir build
pushd build
 ../configure --disable-bzlib \
 --disable-libseccomp \
 --disable-xzlib \
 --disable-zlib
 make
popd
./configure --prefix=/usr --host=$LFS_TGT --build=$(./config.guess)
make FILE_COMPILE=$(pwd)/build/src/file
make DESTDIR=$LFS install
cd ..
rm -rf file-5.39

tar -xvf findutils-4.8.0.tar.xz 
cd findutils-4.8.0
./configure --prefix=/usr \
 --host=$LFS_TGT \
 --build=$(build-aux/config.guess)
make
make DESTDIR=$LFS install
mv -v $LFS/usr/bin/find $LFS/bin
sed -i 's|find:=${BINDIR}|find:=/bin|' $LFS/usr/bin/updatedb
cd ..
rm -rf findutils-4.8.0

tar -xvf gawk-5.1.0.tar.xz
cd gawk-5.1.0
sed -i 's/extras//' Makefile.in
./configure --prefix=/usr \
 --host=$LFS_TGT \
 --build=$(./config.guess)
make
make DESTDIR=$LFS install
cd ..
rm -rf gawk-5.1.0

tar -xvf grep-3.6.tar.xz 
cd grep-3.6
./configure --prefix=/usr \
 --host=$LFS_TGT \
 --bindir=/bin
make
make DESTDIR=$LFS install
cd ..
rm -rf grep-3.6

tar -xvf gzip-1.10.tar.xz 
cd gzip-1.10
./configure --prefix=/usr --host=$LFS_TGT
make
make DESTDIR=$LFS install
mv -v $LFS/usr/bin/gzip $LFS/bin
cd ..
rm -rf gzip-1.10

tar -xvf make-4.3.tar.gz
cd make-4.3
./configure --prefix=/usr \
 --without-guile \
 --host=$LFS_TGT \
 --build=$(build-aux/config.guess)
make
make DESTDIR=$LFS install
cd ..
rm -rf make-4.3

tar -xvf patch-2.7.6.tar.xz
cd patch-2.7.6
./configure --prefix=/usr \
 --host=$LFS_TGT \
 --build=$(build-aux/config.guess)
make  
make DESTDIR=$LFS install
cd ..
rm -rf patch-2.7.6

tar -xvf sed-4.8.tar.xz
cd sed-4.8
./configure --prefix=/usr \
 --host=$LFS_TGT \
 --bindir=/bin
make
make DESTDIR=$LFS install
cd ..
rm -rf sed-4.8

tar -xvf tar-1.34.tar.xz
cd tar-1.34
./configure --prefix=/usr \
 --host=$LFS_TGT \
 --build=$(build-aux/config.guess) \
 --bindir=/bin
make
make DESTDIR=$LFS install
cd ..
rm -rf tar-1.34

tar -xvf xz-5.2.5.tar.xz
cd xz-5.2.5
./configure --prefix=/usr \
 --host=$LFS_TGT \
 --build=$(build-aux/config.guess) \
 --disable-static \
 --docdir=/usr/share/doc/xz-5.2.5
make 
make DESTDIR=$LFS install
mv -v $LFS/usr/bin/{lzma,unlzma,lzcat,xz,unxz,xzcat} $LFS/bin
mv -v $LFS/usr/lib/liblzma.so.* $LFS/lib
ln -svf ../../lib/$(readlink $LFS/usr/lib/liblzma.so) $LFS/usr/lib/liblzma.so
cd ..
rm -rf xz-5.2.5

tar -xvf binutils-2.36.1.tar.xz
cd binutils-2.36.1
mkdir -v build
cd build
../configure \
 --prefix=/usr \
 --build=$(../config.guess) \
 --host=$LFS_TGT \
 --disable-nls \
 --enable-shared \
 --disable-werror \
 --enable-64-bit-bfd
make
make DESTDIR=$LFS install
install -vm755 libctf/.libs/libctf.so.0.0.0 $LFS/usr/lib
cd ../..
rm -rf binutils-2.36.1

tar -xvf gcc-10.2.0.tar.xz
cd gcc-10.2.0/
tar -xf ../mpfr-4.1.0.tar.xz
mv -v mpfr-4.1.0 mpfr
tar -xf ../gmp-6.2.1.tar.xz
mv -v gmp-6.2.1 gmp
tar -xf ../mpc-1.2.1.tar.gz
mv -v mpc-1.2.1 mpc
case $(uname -m) in
 x86_64)
 sed -e '/m64=/s/lib64/lib/' -i.orig gcc/config/i386/t-linux64
 ;;
esac
mkdir -v build
cd build
mkdir -pv $LFS_TGT/libgcc
ln -s ../../../libgcc/gthr-posix.h $LFS_TGT/libgcc/gthr-default.h
../configure \
 --build=$(../config.guess) \
 --host=$LFS_TGT \
 --prefix=/usr \
 CC_FOR_TARGET=$LFS_TGT-gcc \
 --with-build-sysroot=$LFS \
 --enable-initfini-array \
 --disable-nls \
 --disable-multilib \
 --disable-decimal-float \
 --disable-libatomic \
 --disable-libgomp \
 --disable-libquadmath \
 --disable-libssp \
 --disable-libvtv \
 --disable-libstdcxx \
 --enable-languages=c,c++
make
make DESTDIR=$LFS install
ln -sv gcc $LFS/usr/bin/cc
cd ../..
rm -rf gcc-10.2.0


